// Jest Snapshot v1, https://goo.gl/fbAQLP

exports[`SupportLinksPage matches snapshot 1`] = `
<main
  className="container-fluid m-5"
>
  <h3>
    Support Tools
  </h3>
  <ul>
    <li>
      <a
        href="/users"
        id="search-users"
        onClick={[Function]}
      >
        Search Users
      </a>
    </li>
  </ul>
</main>
`;
