// Jest Snapshot v1, https://goo.gl/fbAQLP

exports[`User Search Page renders correctly matches snapshot 1`] = `
<section
  className="mb-3"
>
  <form
    className="m-0 row"
  >
    <label
      className="pgn__form-label mt-2"
      htmlFor="userIdentifier"
    >
      Username, Email or LMS User ID
    </label>
    <div
      className="pgn__form-control-decorator-group flex-grow-1 ml-1 mr-1"
    >
      <input
        className="form-control"
        defaultValue=""
        name="userIdentifier"
        onBlur={[Function]}
        onChange={[Function]}
      />
    </div>
    <button
      className="btn btn-primary"
      disabled={false}
      onClick={[Function]}
      type="submit"
    >
      Search
    </button>
  </form>
</section>
`;
