// Jest Snapshot v1, https://goo.gl/fbAQLP

exports[`User Search Page renders correctly matches snapshot 1`] = `
<DocumentFragment>
  <section
    class="mb-3 px-2"
  >
    <form
      class=""
    >
      <div
        class="form-row"
      >
        <label
          class="pgn__form-label my-auto"
          for="userIdentifier"
        >
          Username, Email or LMS User ID
        </label>
        <div
          class="pgn__form-control-decorator-group flex-grow-1 ml-1 mr-1"
        >
          <input
            class="form-control"
            name="userIdentifier"
            value=""
          />
        </div>
        <button
          class="btn btn-primary"
          type="submit"
        >
          Search
        </button>
      </div>
    </form>
  </section>
</DocumentFragment>
`;
